<?xml version="1.0" encoding="ISO-8859-1" ?>
<link_info>
   <banner>TMS320C2000 Linker PC v22.6.1.LTS</banner>
   <copyright>Copyright (c) 1996-2018 Texas Instruments Incorporated</copyright>
   <link_time>0x68478e43</link_time>
   <link_errors>0x0</link_errors>
   <output_file>F28069PackBMS.out</output_file>
   <entry_point>
      <name>_c_int00</name>
      <address>0x3f7406</address>
   </entry_point>
   <input_file_list>
      <input_file id="fl-2">
         <path>.\C2806XSrc\</path>
         <kind>object</kind>
         <file>F2806x_Adc.obj</file>
         <name>F2806x_Adc.obj</name>
      </input_file>
      <input_file id="fl-3">
         <path>.\C2806XSrc\</path>
         <kind>object</kind>
         <file>F2806x_CSMPasswords.obj</file>
         <name>F2806x_CSMPasswords.obj</name>
      </input_file>
      <input_file id="fl-4">
         <path>.\C2806XSrc\</path>
         <kind>object</kind>
         <file>F2806x_CodeStartBranch.obj</file>
         <name>F2806x_CodeStartBranch.obj</name>
      </input_file>
      <input_file id="fl-5">
         <path>.\C2806XSrc\</path>
         <kind>object</kind>
         <file>F2806x_CpuTimers.obj</file>
         <name>F2806x_CpuTimers.obj</name>
      </input_file>
      <input_file id="fl-6">
         <path>.\C2806XSrc\</path>
         <kind>object</kind>
         <file>F2806x_DBGIER.obj</file>
         <name>F2806x_DBGIER.obj</name>
      </input_file>
      <input_file id="fl-7">
         <path>.\C2806XSrc\</path>
         <kind>object</kind>
         <file>F2806x_DefaultIsr.obj</file>
         <name>F2806x_DefaultIsr.obj</name>
      </input_file>
      <input_file id="fl-8">
         <path>.\C2806XSrc\</path>
         <kind>object</kind>
         <file>F2806x_Dma.obj</file>
         <name>F2806x_Dma.obj</name>
      </input_file>
      <input_file id="fl-9">
         <path>.\C2806XSrc\</path>
         <kind>object</kind>
         <file>F2806x_ECan.obj</file>
         <name>F2806x_ECan.obj</name>
      </input_file>
      <input_file id="fl-a">
         <path>.\C2806XSrc\</path>
         <kind>object</kind>
         <file>F2806x_EPwm.obj</file>
         <name>F2806x_EPwm.obj</name>
      </input_file>
      <input_file id="fl-b">
         <path>.\C2806XSrc\</path>
         <kind>object</kind>
         <file>F2806x_EQep.obj</file>
         <name>F2806x_EQep.obj</name>
      </input_file>
      <input_file id="fl-c">
         <path>.\C2806XSrc\</path>
         <kind>object</kind>
         <file>F2806x_GlobalVariableDefs.obj</file>
         <name>F2806x_GlobalVariableDefs.obj</name>
      </input_file>
      <input_file id="fl-d">
         <path>.\C2806XSrc\</path>
         <kind>object</kind>
         <file>F2806x_Gpio.obj</file>
         <name>F2806x_Gpio.obj</name>
      </input_file>
      <input_file id="fl-e">
         <path>.\C2806XSrc\</path>
         <kind>object</kind>
         <file>F2806x_I2C.obj</file>
         <name>F2806x_I2C.obj</name>
      </input_file>
      <input_file id="fl-f">
         <path>.\C2806XSrc\</path>
         <kind>object</kind>
         <file>F2806x_Mcbsp.obj</file>
         <name>F2806x_Mcbsp.obj</name>
      </input_file>
      <input_file id="fl-10">
         <path>.\C2806XSrc\</path>
         <kind>object</kind>
         <file>F2806x_MemCopy.obj</file>
         <name>F2806x_MemCopy.obj</name>
      </input_file>
      <input_file id="fl-11">
         <path>.\C2806XSrc\</path>
         <kind>object</kind>
         <file>F2806x_OscComp.obj</file>
         <name>F2806x_OscComp.obj</name>
      </input_file>
      <input_file id="fl-12">
         <path>.\C2806XSrc\</path>
         <kind>object</kind>
         <file>F2806x_PieCtrl.obj</file>
         <name>F2806x_PieCtrl.obj</name>
      </input_file>
      <input_file id="fl-13">
         <path>.\C2806XSrc\</path>
         <kind>object</kind>
         <file>F2806x_PieVect.obj</file>
         <name>F2806x_PieVect.obj</name>
      </input_file>
      <input_file id="fl-14">
         <path>.\C2806XSrc\</path>
         <kind>object</kind>
         <file>F2806x_Sci.obj</file>
         <name>F2806x_Sci.obj</name>
      </input_file>
      <input_file id="fl-15">
         <path>.\C2806XSrc\</path>
         <kind>object</kind>
         <file>F2806x_Spi.obj</file>
         <name>F2806x_Spi.obj</name>
      </input_file>
      <input_file id="fl-16">
         <path>.\C2806XSrc\</path>
         <kind>object</kind>
         <file>F2806x_SysCtrl.obj</file>
         <name>F2806x_SysCtrl.obj</name>
      </input_file>
      <input_file id="fl-17">
         <path>.\C2806XSrc\</path>
         <kind>object</kind>
         <file>F2806x_usDelay.obj</file>
         <name>F2806x_usDelay.obj</name>
      </input_file>
      <input_file id="fl-18">
         <path>.\SysSoure\</path>
         <kind>object</kind>
         <file>BATAlgorithm.obj</file>
         <name>BATAlgorithm.obj</name>
      </input_file>
      <input_file id="fl-19">
         <path>.\SysSoure\</path>
         <kind>object</kind>
         <file>BAT_LTC6802.obj</file>
         <name>BAT_LTC6802.obj</name>
      </input_file>
      <input_file id="fl-1a">
         <path>.\SysSoure\</path>
         <kind>object</kind>
         <file>DSP28x_Project.obj</file>
         <name>DSP28x_Project.obj</name>
      </input_file>
      <input_file id="fl-1b">
         <path>.\SysSoure\</path>
         <kind>object</kind>
         <file>ProtectRelay.obj</file>
         <name>ProtectRelay.obj</name>
      </input_file>
      <input_file id="fl-1c">
         <path>.\SysSoure\</path>
         <kind>object</kind>
         <file>main.obj</file>
         <name>main.obj</name>
      </input_file>
      <input_file id="fl-22">
         <kind>object</kind>
         <file>&lt;internal&gt;</file>
         <name>&lt;internal&gt;</name>
      </input_file>
      <input_file id="fl-23">
         <path>C:\ti\ccs1271\ccs\tools\compiler\ti-cgt-c2000_22.6.1.LTS\lib\</path>
         <kind>archive</kind>
         <file>rts2800_fpu32.lib</file>
         <name>s_roundf.c.obj</name>
      </input_file>
      <input_file id="fl-24">
         <path>C:\ti\ccs1271\ccs\tools\compiler\ti-cgt-c2000_22.6.1.LTS\lib\</path>
         <kind>archive</kind>
         <file>rts2800_fpu32.lib</file>
         <name>boot28.asm.obj</name>
      </input_file>
      <input_file id="fl-25">
         <path>C:\ti\ccs1271\ccs\tools\compiler\ti-cgt-c2000_22.6.1.LTS\lib\</path>
         <kind>archive</kind>
         <file>rts2800_fpu32.lib</file>
         <name>fs_div28.asm.obj</name>
      </input_file>
      <input_file id="fl-26">
         <path>C:\ti\ccs1271\ccs\tools\compiler\ti-cgt-c2000_22.6.1.LTS\lib\</path>
         <kind>archive</kind>
         <file>rts2800_fpu32.lib</file>
         <name>cpy_tbl.c.obj</name>
      </input_file>
      <input_file id="fl-27">
         <path>C:\ti\ccs1271\ccs\tools\compiler\ti-cgt-c2000_22.6.1.LTS\lib\</path>
         <kind>archive</kind>
         <file>rts2800_fpu32.lib</file>
         <name>memcpy.c.obj</name>
      </input_file>
      <input_file id="fl-28">
         <path>C:\ti\ccs1271\ccs\tools\compiler\ti-cgt-c2000_22.6.1.LTS\lib\</path>
         <kind>archive</kind>
         <file>rts2800_fpu32.lib</file>
         <name>pre_init.c.obj</name>
      </input_file>
      <input_file id="fl-29">
         <path>C:\ti\ccs1271\ccs\tools\compiler\ti-cgt-c2000_22.6.1.LTS\lib\</path>
         <kind>archive</kind>
         <file>rts2800_fpu32.lib</file>
         <name>startup.c.obj</name>
      </input_file>
      <input_file id="fl-2a">
         <path>C:\ti\ccs1271\ccs\tools\compiler\ti-cgt-c2000_22.6.1.LTS\lib\</path>
         <kind>archive</kind>
         <file>rts2800_fpu32.lib</file>
         <name>exit.c.obj</name>
      </input_file>
      <input_file id="fl-2b">
         <path>C:\ti\ccs1271\ccs\tools\compiler\ti-cgt-c2000_22.6.1.LTS\lib\</path>
         <kind>archive</kind>
         <file>rts2800_fpu32.lib</file>
         <name>_lock.c.obj</name>
      </input_file>
      <input_file id="fl-2c">
         <path>C:\ti\ccs1271\ccs\tools\compiler\ti-cgt-c2000_22.6.1.LTS\lib\</path>
         <kind>archive</kind>
         <file>rts2800_fpu32.lib</file>
         <name>args_main.c.obj</name>
      </input_file>
      <input_file id="fl-2d">
         <path>C:\ti\ccs1271\ccs\tools\compiler\ti-cgt-c2000_22.6.1.LTS\lib\</path>
         <kind>archive</kind>
         <file>rts2800_fpu32.lib</file>
         <name>s_floorf.c.obj</name>
      </input_file>
   </input_file_list>
   <object_component_list>
      <object_component id="oc-10c">
         <name>.cinit</name>
         <load_address>0x3f768c</load_address>
         <run_address>0x3f768c</run_address>
         <size>0x3a</size>
         <input_file_ref idref="fl-1c"/>
      </object_component>
      <object_component id="oc-139">
         <name>.cinit</name>
         <load_address>0x3f76c6</load_address>
         <run_address>0x3f76c6</run_address>
         <size>0xe</size>
         <input_file_ref idref="fl-2a"/>
      </object_component>
      <object_component id="oc-f9">
         <name>.cinit</name>
         <load_address>0x3f76d4</load_address>
         <run_address>0x3f76d4</run_address>
         <size>0x9</size>
         <input_file_ref idref="fl-19"/>
      </object_component>
      <object_component id="oc-16c">
         <name>.cinit:_LTC6804_init_table</name>
         <load_address>0x3f76dd</load_address>
         <run_address>0x3f76dd</run_address>
         <size>0x9</size>
         <input_file_ref idref="fl-19"/>
      </object_component>
      <object_component id="oc-62">
         <name>.cinit</name>
         <load_address>0x3f76e6</load_address>
         <run_address>0x3f76e6</run_address>
         <size>0x5</size>
         <input_file_ref idref="fl-5"/>
      </object_component>
      <object_component id="oc-15b">
         <name>.cinit:__lock</name>
         <load_address>0x3f76eb</load_address>
         <run_address>0x3f76eb</run_address>
         <size>0x5</size>
         <input_file_ref idref="fl-2b"/>
      </object_component>
      <object_component id="oc-168">
         <name>.cinit:__unlock</name>
         <load_address>0x3f76f0</load_address>
         <run_address>0x3f76f0</run_address>
         <size>0x5</size>
         <input_file_ref idref="fl-2b"/>
      </object_component>
      <object_component id="oc-100">
         <name>.cinit</name>
         <load_address>0x3f76f5</load_address>
         <run_address>0x3f76f5</run_address>
         <size>0x4</size>
         <input_file_ref idref="fl-1a"/>
      </object_component>
      <object_component id="oc-14f">
         <name>.text</name>
         <load_address>0x3f4000</load_address>
         <run_address>0x3f4000</run_address>
         <size>0xcb4</size>
         <input_file_ref idref="fl-1a"/>
      </object_component>
      <object_component id="oc-166">
         <name>.text</name>
         <load_address>0x3f4cb4</load_address>
         <run_address>0x3f4cb4</run_address>
         <size>0xaf4</size>
         <input_file_ref idref="fl-19"/>
      </object_component>
      <object_component id="oc-150">
         <name>.text</name>
         <load_address>0x3f57a8</load_address>
         <run_address>0x3f57a8</run_address>
         <size>0x69e</size>
         <input_file_ref idref="fl-18"/>
      </object_component>
      <object_component id="oc-10e">
         <name>.text:retain</name>
         <load_address>0x3f5e46</load_address>
         <run_address>0x3f5e46</run_address>
         <size>0x5e0</size>
         <input_file_ref idref="fl-1c"/>
      </object_component>
      <object_component id="oc-6e">
         <name>.text:retain</name>
         <load_address>0x3f6426</load_address>
         <run_address>0x3f6426</run_address>
         <size>0x39b</size>
         <input_file_ref idref="fl-7"/>
      </object_component>
      <object_component id="oc-159">
         <name>.text</name>
         <load_address>0x3f67c1</load_address>
         <run_address>0x3f67c1</run_address>
         <size>0x372</size>
         <input_file_ref idref="fl-1c"/>
      </object_component>
      <object_component id="oc-151">
         <name>.text</name>
         <load_address>0x3f6b33</load_address>
         <run_address>0x3f6b33</run_address>
         <size>0x35d</size>
         <input_file_ref idref="fl-9"/>
      </object_component>
      <object_component id="oc-15d">
         <name>.text</name>
         <load_address>0x3f6e90</load_address>
         <run_address>0x3f6e90</run_address>
         <size>0x190</size>
         <input_file_ref idref="fl-16"/>
      </object_component>
      <object_component id="oc-160">
         <name>.text</name>
         <load_address>0x3f7020</load_address>
         <run_address>0x3f7020</run_address>
         <size>0x121</size>
         <input_file_ref idref="fl-d"/>
      </object_component>
      <object_component id="oc-165">
         <name>.text</name>
         <load_address>0x3f7141</load_address>
         <run_address>0x3f7141</run_address>
         <size>0xed</size>
         <input_file_ref idref="fl-1b"/>
      </object_component>
      <object_component id="oc-11f">
         <name>.text</name>
         <load_address>0x3f722e</load_address>
         <run_address>0x3f722e</run_address>
         <size>0x88</size>
         <input_file_ref idref="fl-25"/>
      </object_component>
      <object_component id="oc-161">
         <name>.text</name>
         <load_address>0x3f72b6</load_address>
         <run_address>0x3f72b6</run_address>
         <size>0x7e</size>
         <input_file_ref idref="fl-15"/>
      </object_component>
      <object_component id="oc-164">
         <name>.text</name>
         <load_address>0x3f7334</load_address>
         <run_address>0x3f7334</run_address>
         <size>0x79</size>
         <input_file_ref idref="fl-5"/>
      </object_component>
      <object_component id="oc-15c">
         <name>.text</name>
         <load_address>0x3f73ad</load_address>
         <run_address>0x3f73ad</run_address>
         <size>0x59</size>
         <input_file_ref idref="fl-2d"/>
      </object_component>
      <object_component id="oc-118">
         <name>.text</name>
         <load_address>0x3f7406</load_address>
         <run_address>0x3f7406</run_address>
         <size>0x56</size>
         <input_file_ref idref="fl-24"/>
      </object_component>
      <object_component id="oc-157">
         <name>.text</name>
         <load_address>0x3f745c</load_address>
         <run_address>0x3f745c</run_address>
         <size>0x39</size>
         <input_file_ref idref="fl-23"/>
      </object_component>
      <object_component id="oc-156">
         <name>.text</name>
         <load_address>0x3f7495</load_address>
         <run_address>0x3f7495</run_address>
         <size>0x29</size>
         <input_file_ref idref="fl-2a"/>
      </object_component>
      <object_component id="oc-15e">
         <name>.text</name>
         <load_address>0x3f74be</load_address>
         <run_address>0x3f74be</run_address>
         <size>0x28</size>
         <input_file_ref idref="fl-12"/>
      </object_component>
      <object_component id="oc-15f">
         <name>.text</name>
         <load_address>0x3f74e6</load_address>
         <run_address>0x3f74e6</run_address>
         <size>0x26</size>
         <input_file_ref idref="fl-13"/>
      </object_component>
      <object_component id="oc-153">
         <name>.text</name>
         <load_address>0x3f750c</load_address>
         <run_address>0x3f750c</run_address>
         <size>0x24</size>
         <input_file_ref idref="fl-26"/>
      </object_component>
      <object_component id="oc-158">
         <name>.text</name>
         <load_address>0x3f7530</load_address>
         <run_address>0x3f7530</run_address>
         <size>0x1d</size>
         <input_file_ref idref="fl-27"/>
      </object_component>
      <object_component id="oc-162">
         <name>.text</name>
         <load_address>0x3f754d</load_address>
         <run_address>0x3f754d</run_address>
         <size>0x13</size>
         <input_file_ref idref="fl-10"/>
      </object_component>
      <object_component id="oc-155">
         <name>.text</name>
         <load_address>0x3f7560</load_address>
         <run_address>0x3f7560</run_address>
         <size>0x12</size>
         <input_file_ref idref="fl-2c"/>
      </object_component>
      <object_component id="oc-167">
         <name>.text</name>
         <load_address>0x3f7572</load_address>
         <run_address>0x3f7572</run_address>
         <size>0x9</size>
         <input_file_ref idref="fl-2b"/>
      </object_component>
      <object_component id="oc-5b">
         <name>.text</name>
         <load_address>0x3f757b</load_address>
         <run_address>0x3f757b</run_address>
         <size>0x8</size>
         <input_file_ref idref="fl-4"/>
      </object_component>
      <object_component id="oc-68">
         <name>.text</name>
         <load_address>0x3f7583</load_address>
         <run_address>0x3f7583</run_address>
         <size>0x3</size>
         <input_file_ref idref="fl-6"/>
      </object_component>
      <object_component id="oc-152">
         <name>.text</name>
         <load_address>0x3f7586</load_address>
         <run_address>0x3f7586</run_address>
         <size>0x2</size>
         <input_file_ref idref="fl-28"/>
      </object_component>
      <object_component id="oc-154">
         <name>.text</name>
         <load_address>0x3f7588</load_address>
         <run_address>0x3f7588</run_address>
         <size>0x1</size>
         <input_file_ref idref="fl-29"/>
      </object_component>
      <object_component id="oc-5c">
         <name>codestart</name>
         <load_address>0x3f7ff6</load_address>
         <run_address>0x3f7ff6</run_address>
         <size>0x2</size>
         <input_file_ref idref="fl-4"/>
      </object_component>
      <object_component id="oc-163">
         <name>ramfuncs</name>
         <load_address>0x3e8000</load_address>
         <run_address>0x8000</run_address>
         <size>0x1b</size>
         <input_file_ref idref="fl-16"/>
      </object_component>
      <object_component id="oc-ee">
         <name>ramfuncs</name>
         <load_address>0x3e801b</load_address>
         <run_address>0x801b</run_address>
         <size>0x4</size>
         <input_file_ref idref="fl-17"/>
      </object_component>
      <object_component id="oc-59">
         <name>csmpasswds</name>
         <load_address>0x3f7ff8</load_address>
         <run_address>0x3f7ff8</run_address>
         <size>0x8</size>
         <input_file_ref idref="fl-3"/>
      </object_component>
      <object_component id="oc-5a">
         <name>csm_rsvd</name>
         <load_address>0x3f7f80</load_address>
         <run_address>0x3f7f80</run_address>
         <size>0x76</size>
         <input_file_ref idref="fl-3"/>
      </object_component>
      <object_component id="oc-119">
         <name>.stack</name>
         <uninitialized>true</uninitialized>
         <run_address>0x50</run_address>
         <size>0x0</size>
         <input_file_ref idref="fl-24"/>
      </object_component>
      <object_component id="oc-1c8">
         <name>.stack</name>
         <uninitialized>true</uninitialized>
         <run_address>0x50</run_address>
         <size>0x0</size>
      </object_component>
      <object_component id="oc-63">
         <name>.ebss</name>
         <uninitialized>true</uninitialized>
         <run_address>0xa764</run_address>
         <size>0x1a</size>
         <input_file_ref idref="fl-5"/>
      </object_component>
      <object_component id="oc-fa">
         <name>.ebss</name>
         <uninitialized>true</uninitialized>
         <run_address>0xa880</run_address>
         <size>0x1d</size>
         <input_file_ref idref="fl-19"/>
      </object_component>
      <object_component id="oc-16b">
         <name>.ebss:_LTC6804_init_table</name>
         <uninitialized>true</uninitialized>
         <run_address>0xa89d</run_address>
         <size>0x6</size>
         <input_file_ref idref="fl-19"/>
      </object_component>
      <object_component id="oc-16a">
         <name>.ebss:_pec15Table</name>
         <uninitialized>true</uninitialized>
         <run_address>0xa780</run_address>
         <size>0x100</size>
         <input_file_ref idref="fl-19"/>
      </object_component>
      <object_component id="oc-101">
         <name>.ebss</name>
         <uninitialized>true</uninitialized>
         <run_address>0xa8a3</run_address>
         <size>0x1</size>
         <input_file_ref idref="fl-1a"/>
      </object_component>
      <object_component id="oc-10d">
         <name>.ebss</name>
         <uninitialized>true</uninitialized>
         <run_address>0xa000</run_address>
         <size>0x764</size>
         <input_file_ref idref="fl-1c"/>
      </object_component>
      <object_component id="oc-13a">
         <name>.ebss</name>
         <uninitialized>true</uninitialized>
         <run_address>0xa8a4</run_address>
         <size>0x6</size>
         <input_file_ref idref="fl-2a"/>
      </object_component>
      <object_component id="oc-15a">
         <name>.ebss:__lock</name>
         <uninitialized>true</uninitialized>
         <run_address>0xa77e</run_address>
         <size>0x2</size>
         <input_file_ref idref="fl-2b"/>
      </object_component>
      <object_component id="oc-16d">
         <name>.ebss:__unlock</name>
         <uninitialized>true</uninitialized>
         <run_address>0xa8aa</run_address>
         <size>0x2</size>
         <input_file_ref idref="fl-2b"/>
      </object_component>
      <object_component id="oc-169">
         <name>.econst:_PieVectTableInit</name>
         <load_address>0x3f758a</load_address>
         <run_address>0x3f758a</run_address>
         <size>0x100</size>
         <input_file_ref idref="fl-13"/>
      </object_component>
      <object_component id="oc-14a">
         <name>.econst</name>
         <load_address>0x3f768a</load_address>
         <run_address>0x3f768a</run_address>
         <size>0x2</size>
         <input_file_ref idref="fl-2d"/>
      </object_component>
      <object_component id="oc-11a">
         <name>.reset</name>
         <load_address>0x3fffc0</load_address>
         <run_address>0x3fffc0</run_address>
         <size>0x2</size>
         <input_file_ref idref="fl-24"/>
      </object_component>
      <object_component id="oc-bf">
         <name>PieVectTableFile</name>
         <uninitialized>true</uninitialized>
         <run_address>0xd00</run_address>
         <size>0x100</size>
         <input_file_ref idref="fl-c"/>
      </object_component>
      <object_component id="oc-89">
         <name>EmuKeyVar</name>
         <uninitialized>true</uninitialized>
         <run_address>0xd00</run_address>
         <size>0x1</size>
         <input_file_ref idref="fl-c"/>
      </object_component>
      <object_component id="oc-8a">
         <name>EmuBModeVar</name>
         <uninitialized>true</uninitialized>
         <run_address>0xd01</run_address>
         <size>0x1</size>
         <input_file_ref idref="fl-c"/>
      </object_component>
      <object_component id="oc-8c">
         <name>FlashCallbackVar</name>
         <uninitialized>true</uninitialized>
         <run_address>0xd02</run_address>
         <size>0x2</size>
         <input_file_ref idref="fl-c"/>
      </object_component>
      <object_component id="oc-8b">
         <name>FlashScalingVar</name>
         <uninitialized>true</uninitialized>
         <run_address>0xd04</run_address>
         <size>0x2</size>
         <input_file_ref idref="fl-c"/>
      </object_component>
      <object_component id="oc-8e">
         <name>DevEmuRegsFile</name>
         <uninitialized>true</uninitialized>
         <run_address>0x880</run_address>
         <size>0x4</size>
         <input_file_ref idref="fl-c"/>
      </object_component>
      <object_component id="oc-8d">
         <name>SysPwrCtrlRegsFile</name>
         <uninitialized>true</uninitialized>
         <run_address>0x985</run_address>
         <size>0x3</size>
         <input_file_ref idref="fl-c"/>
      </object_component>
      <object_component id="oc-93">
         <name>FlashRegsFile</name>
         <uninitialized>true</uninitialized>
         <run_address>0xa80</run_address>
         <size>0x8</size>
         <input_file_ref idref="fl-c"/>
      </object_component>
      <object_component id="oc-95">
         <name>CsmRegsFile</name>
         <uninitialized>true</uninitialized>
         <run_address>0xae0</run_address>
         <size>0x10</size>
         <input_file_ref idref="fl-c"/>
      </object_component>
      <object_component id="oc-94">
         <name>AdcResultFile</name>
         <uninitialized>true</uninitialized>
         <run_address>0xb00</run_address>
         <size>0x10</size>
         <input_file_ref idref="fl-c"/>
      </object_component>
      <object_component id="oc-8f">
         <name>CpuTimer0RegsFile</name>
         <uninitialized>true</uninitialized>
         <run_address>0xc00</run_address>
         <size>0x8</size>
         <input_file_ref idref="fl-c"/>
      </object_component>
      <object_component id="oc-90">
         <name>CpuTimer1RegsFile</name>
         <uninitialized>true</uninitialized>
         <run_address>0xc08</run_address>
         <size>0x8</size>
         <input_file_ref idref="fl-c"/>
      </object_component>
      <object_component id="oc-91">
         <name>CpuTimer2RegsFile</name>
         <uninitialized>true</uninitialized>
         <run_address>0xc10</run_address>
         <size>0x8</size>
         <input_file_ref idref="fl-c"/>
      </object_component>
      <object_component id="oc-9f">
         <name>PieCtrlRegsFile</name>
         <uninitialized>true</uninitialized>
         <run_address>0xce0</run_address>
         <size>0x1a</size>
         <input_file_ref idref="fl-c"/>
      </object_component>
      <object_component id="oc-af">
         <name>Cla1RegsFile</name>
         <uninitialized>true</uninitialized>
         <run_address>0x1400</run_address>
         <size>0x40</size>
         <input_file_ref idref="fl-c"/>
      </object_component>
      <object_component id="oc-bd">
         <name>DmaRegsFile</name>
         <uninitialized>true</uninitialized>
         <run_address>0x1000</run_address>
         <size>0xe0</size>
         <input_file_ref idref="fl-c"/>
      </object_component>
      <object_component id="oc-ae">
         <name>ECanaRegsFile</name>
         <uninitialized>true</uninitialized>
         <run_address>0x6000</run_address>
         <size>0x34</size>
         <input_file_ref idref="fl-c"/>
      </object_component>
      <object_component id="oc-b0">
         <name>ECanaLAMRegsFile</name>
         <uninitialized>true</uninitialized>
         <run_address>0x6040</run_address>
         <size>0x40</size>
         <input_file_ref idref="fl-c"/>
      </object_component>
      <object_component id="oc-be">
         <name>ECanaMboxesFile</name>
         <uninitialized>true</uninitialized>
         <run_address>0x6100</run_address>
         <size>0x100</size>
         <input_file_ref idref="fl-c"/>
      </object_component>
      <object_component id="oc-b1">
         <name>ECanaMOTSRegsFile</name>
         <uninitialized>true</uninitialized>
         <run_address>0x6080</run_address>
         <size>0x40</size>
         <input_file_ref idref="fl-c"/>
      </object_component>
      <object_component id="oc-b2">
         <name>ECanaMOTORegsFile</name>
         <uninitialized>true</uninitialized>
         <run_address>0x60c0</run_address>
         <size>0x40</size>
         <input_file_ref idref="fl-c"/>
      </object_component>
      <object_component id="oc-a0">
         <name>ECap1RegsFile</name>
         <uninitialized>true</uninitialized>
         <run_address>0x6a00</run_address>
         <size>0x20</size>
         <input_file_ref idref="fl-c"/>
      </object_component>
      <object_component id="oc-a1">
         <name>ECap2RegsFile</name>
         <uninitialized>true</uninitialized>
         <run_address>0x6a20</run_address>
         <size>0x20</size>
         <input_file_ref idref="fl-c"/>
      </object_component>
      <object_component id="oc-a2">
         <name>ECap3RegsFile</name>
         <uninitialized>true</uninitialized>
         <run_address>0x6a40</run_address>
         <size>0x20</size>
         <input_file_ref idref="fl-c"/>
      </object_component>
      <object_component id="oc-a9">
         <name>EQep1RegsFile</name>
         <uninitialized>true</uninitialized>
         <run_address>0x6b00</run_address>
         <size>0x22</size>
         <input_file_ref idref="fl-c"/>
      </object_component>
      <object_component id="oc-aa">
         <name>EQep2RegsFile</name>
         <uninitialized>true</uninitialized>
         <run_address>0x6b40</run_address>
         <size>0x22</size>
         <input_file_ref idref="fl-c"/>
      </object_component>
      <object_component id="oc-bb">
         <name>GpioCtrlRegsFile</name>
         <uninitialized>true</uninitialized>
         <run_address>0x6f80</run_address>
         <size>0x40</size>
         <input_file_ref idref="fl-c"/>
      </object_component>
      <object_component id="oc-a3">
         <name>GpioDataRegsFile</name>
         <uninitialized>true</uninitialized>
         <run_address>0x6fc0</run_address>
         <size>0x20</size>
         <input_file_ref idref="fl-c"/>
      </object_component>
      <object_component id="oc-a4">
         <name>GpioIntRegsFile</name>
         <uninitialized>true</uninitialized>
         <run_address>0x6fe0</run_address>
         <size>0x20</size>
         <input_file_ref idref="fl-c"/>
      </object_component>
      <object_component id="oc-a5">
         <name>HRCap1RegsFile</name>
         <uninitialized>true</uninitialized>
         <run_address>0x6ac0</run_address>
         <size>0x20</size>
         <input_file_ref idref="fl-c"/>
      </object_component>
      <object_component id="oc-a6">
         <name>HRCap2RegsFile</name>
         <uninitialized>true</uninitialized>
         <run_address>0x6ae0</run_address>
         <size>0x20</size>
         <input_file_ref idref="fl-c"/>
      </object_component>
      <object_component id="oc-a7">
         <name>HRCap3RegsFile</name>
         <uninitialized>true</uninitialized>
         <run_address>0x6c80</run_address>
         <size>0x20</size>
         <input_file_ref idref="fl-c"/>
      </object_component>
      <object_component id="oc-a8">
         <name>HRCap4RegsFile</name>
         <uninitialized>true</uninitialized>
         <run_address>0x6ca0</run_address>
         <size>0x20</size>
         <input_file_ref idref="fl-c"/>
      </object_component>
      <object_component id="oc-ad">
         <name>SysCtrlRegsFile</name>
         <uninitialized>true</uninitialized>
         <run_address>0x7010</run_address>
         <size>0x30</size>
         <input_file_ref idref="fl-c"/>
      </object_component>
      <object_component id="oc-99">
         <name>SpiaRegsFile</name>
         <uninitialized>true</uninitialized>
         <run_address>0x7040</run_address>
         <size>0x10</size>
         <input_file_ref idref="fl-c"/>
      </object_component>
      <object_component id="oc-9a">
         <name>SpibRegsFile</name>
         <uninitialized>true</uninitialized>
         <run_address>0x7740</run_address>
         <size>0x10</size>
         <input_file_ref idref="fl-c"/>
      </object_component>
      <object_component id="oc-97">
         <name>SciaRegsFile</name>
         <uninitialized>true</uninitialized>
         <run_address>0x7050</run_address>
         <size>0x10</size>
         <input_file_ref idref="fl-c"/>
      </object_component>
      <object_component id="oc-98">
         <name>ScibRegsFile</name>
         <uninitialized>true</uninitialized>
         <run_address>0x7750</run_address>
         <size>0x10</size>
         <input_file_ref idref="fl-c"/>
      </object_component>
      <object_component id="oc-96">
         <name>NmiIntruptRegsFile</name>
         <uninitialized>true</uninitialized>
         <run_address>0x7060</run_address>
         <size>0x10</size>
         <input_file_ref idref="fl-c"/>
      </object_component>
      <object_component id="oc-9b">
         <name>XIntruptRegsFile</name>
         <uninitialized>true</uninitialized>
         <run_address>0x7070</run_address>
         <size>0x10</size>
         <input_file_ref idref="fl-c"/>
      </object_component>
      <object_component id="oc-bc">
         <name>AdcRegsFile</name>
         <uninitialized>true</uninitialized>
         <run_address>0x7100</run_address>
         <size>0x50</size>
         <input_file_ref idref="fl-c"/>
      </object_component>
      <object_component id="oc-ab">
         <name>I2caRegsFile</name>
         <uninitialized>true</uninitialized>
         <run_address>0x7900</run_address>
         <size>0x22</size>
         <input_file_ref idref="fl-c"/>
      </object_component>
      <object_component id="oc-9c">
         <name>Comp1RegsFile</name>
         <uninitialized>true</uninitialized>
         <run_address>0x6400</run_address>
         <size>0x14</size>
         <input_file_ref idref="fl-c"/>
      </object_component>
      <object_component id="oc-9d">
         <name>Comp2RegsFile</name>
         <uninitialized>true</uninitialized>
         <run_address>0x6420</run_address>
         <size>0x14</size>
         <input_file_ref idref="fl-c"/>
      </object_component>
      <object_component id="oc-9e">
         <name>Comp3RegsFile</name>
         <uninitialized>true</uninitialized>
         <run_address>0x6440</run_address>
         <size>0x14</size>
         <input_file_ref idref="fl-c"/>
      </object_component>
      <object_component id="oc-b3">
         <name>EPwm1RegsFile</name>
         <uninitialized>true</uninitialized>
         <run_address>0x6800</run_address>
         <size>0x40</size>
         <input_file_ref idref="fl-c"/>
      </object_component>
      <object_component id="oc-b4">
         <name>EPwm2RegsFile</name>
         <uninitialized>true</uninitialized>
         <run_address>0x6840</run_address>
         <size>0x40</size>
         <input_file_ref idref="fl-c"/>
      </object_component>
      <object_component id="oc-b5">
         <name>EPwm3RegsFile</name>
         <uninitialized>true</uninitialized>
         <run_address>0x6880</run_address>
         <size>0x40</size>
         <input_file_ref idref="fl-c"/>
      </object_component>
      <object_component id="oc-b6">
         <name>EPwm4RegsFile</name>
         <uninitialized>true</uninitialized>
         <run_address>0x68c0</run_address>
         <size>0x40</size>
         <input_file_ref idref="fl-c"/>
      </object_component>
      <object_component id="oc-b7">
         <name>EPwm5RegsFile</name>
         <uninitialized>true</uninitialized>
         <run_address>0x6900</run_address>
         <size>0x40</size>
         <input_file_ref idref="fl-c"/>
      </object_component>
      <object_component id="oc-b8">
         <name>EPwm6RegsFile</name>
         <uninitialized>true</uninitialized>
         <run_address>0x6940</run_address>
         <size>0x40</size>
         <input_file_ref idref="fl-c"/>
      </object_component>
      <object_component id="oc-b9">
         <name>EPwm7RegsFile</name>
         <uninitialized>true</uninitialized>
         <run_address>0x6980</run_address>
         <size>0x40</size>
         <input_file_ref idref="fl-c"/>
      </object_component>
      <object_component id="oc-ba">
         <name>EPwm8RegsFile</name>
         <uninitialized>true</uninitialized>
         <run_address>0x69c0</run_address>
         <size>0x40</size>
         <input_file_ref idref="fl-c"/>
      </object_component>
      <object_component id="oc-ac">
         <name>McbspaRegsFile</name>
         <uninitialized>true</uninitialized>
         <run_address>0x5000</run_address>
         <size>0x24</size>
         <input_file_ref idref="fl-c"/>
      </object_component>
      <object_component id="oc-c0">
         <name>Usb0RegsFile</name>
         <uninitialized>true</uninitialized>
         <run_address>0x4000</run_address>
         <size>0x454</size>
         <input_file_ref idref="fl-c"/>
      </object_component>
      <object_component id="oc-92">
         <name>CsmPwlFile</name>
         <uninitialized>true</uninitialized>
         <run_address>0x3f7ff8</run_address>
         <size>0x8</size>
         <input_file_ref idref="fl-c"/>
      </object_component>
      <object_component id="oc-88">
         <name>PartIdRegsFile</name>
         <uninitialized>true</uninitialized>
         <run_address>0x3d7e80</run_address>
         <size>0x1</size>
         <input_file_ref idref="fl-c"/>
      </object_component>
      <object_component id="oc-54">
         <name>.debug_info</name>
         <load_address>0x0</load_address>
         <run_address>0x0</run_address>
         <size>0x494c</size>
         <input_file_ref idref="fl-2"/>
      </object_component>
      <object_component id="oc-5e">
         <name>.debug_info</name>
         <load_address>0x494c</load_address>
         <run_address>0x494c</run_address>
         <size>0x140</size>
         <input_file_ref idref="fl-4"/>
      </object_component>
      <object_component id="oc-61">
         <name>.debug_info</name>
         <load_address>0x4a8c</load_address>
         <run_address>0x4a8c</run_address>
         <size>0x9d0</size>
         <input_file_ref idref="fl-5"/>
      </object_component>
      <object_component id="oc-6a">
         <name>.debug_info</name>
         <load_address>0x545c</load_address>
         <run_address>0x545c</run_address>
         <size>0xfe</size>
         <input_file_ref idref="fl-6"/>
      </object_component>
      <object_component id="oc-6d">
         <name>.debug_info</name>
         <load_address>0x555a</load_address>
         <run_address>0x555a</run_address>
         <size>0x2ad8</size>
         <input_file_ref idref="fl-7"/>
      </object_component>
      <object_component id="oc-73">
         <name>.debug_info</name>
         <load_address>0x8032</load_address>
         <run_address>0x8032</run_address>
         <size>0x16de</size>
         <input_file_ref idref="fl-8"/>
      </object_component>
      <object_component id="oc-78">
         <name>.debug_info</name>
         <load_address>0x9710</load_address>
         <run_address>0x9710</run_address>
         <size>0x5c25</size>
         <input_file_ref idref="fl-9"/>
      </object_component>
      <object_component id="oc-7d">
         <name>.debug_info</name>
         <load_address>0xf335</load_address>
         <run_address>0xf335</run_address>
         <size>0x1883</size>
         <input_file_ref idref="fl-a"/>
      </object_component>
      <object_component id="oc-82">
         <name>.debug_info</name>
         <load_address>0x10bb8</load_address>
         <run_address>0x10bb8</run_address>
         <size>0x33e</size>
         <input_file_ref idref="fl-b"/>
      </object_component>
      <object_component id="oc-87">
         <name>.debug_info</name>
         <load_address>0x10ef6</load_address>
         <run_address>0x10ef6</run_address>
         <size>0x1b03b</size>
         <input_file_ref idref="fl-c"/>
      </object_component>
      <object_component id="oc-c2">
         <name>.debug_info</name>
         <load_address>0x2bf31</load_address>
         <run_address>0x2bf31</run_address>
         <size>0x18e6</size>
         <input_file_ref idref="fl-d"/>
      </object_component>
      <object_component id="oc-c7">
         <name>.debug_info</name>
         <load_address>0x2d817</load_address>
         <run_address>0x2d817</run_address>
         <size>0x18d</size>
         <input_file_ref idref="fl-e"/>
      </object_component>
      <object_component id="oc-c9">
         <name>.debug_info</name>
         <load_address>0x2d9a4</load_address>
         <run_address>0x2d9a4</run_address>
         <size>0x18f</size>
         <input_file_ref idref="fl-f"/>
      </object_component>
      <object_component id="oc-cb">
         <name>.debug_info</name>
         <load_address>0x2db33</load_address>
         <run_address>0x2db33</run_address>
         <size>0x45c</size>
         <input_file_ref idref="fl-10"/>
      </object_component>
      <object_component id="oc-d0">
         <name>.debug_info</name>
         <load_address>0x2df8f</load_address>
         <run_address>0x2df8f</run_address>
         <size>0x1836</size>
         <input_file_ref idref="fl-11"/>
      </object_component>
      <object_component id="oc-d5">
         <name>.debug_info</name>
         <load_address>0x2f7c5</load_address>
         <run_address>0x2f7c5</run_address>
         <size>0xb53</size>
         <input_file_ref idref="fl-12"/>
      </object_component>
      <object_component id="oc-da">
         <name>.debug_info</name>
         <load_address>0x30318</load_address>
         <run_address>0x30318</run_address>
         <size>0x2480</size>
         <input_file_ref idref="fl-13"/>
      </object_component>
      <object_component id="oc-df">
         <name>.debug_info</name>
         <load_address>0x32798</load_address>
         <run_address>0x32798</run_address>
         <size>0x1882</size>
         <input_file_ref idref="fl-14"/>
      </object_component>
      <object_component id="oc-e4">
         <name>.debug_info</name>
         <load_address>0x3401a</load_address>
         <run_address>0x3401a</run_address>
         <size>0x23b5</size>
         <input_file_ref idref="fl-15"/>
      </object_component>
      <object_component id="oc-e9">
         <name>.debug_info</name>
         <load_address>0x363cf</load_address>
         <run_address>0x363cf</run_address>
         <size>0x29eb</size>
         <input_file_ref idref="fl-16"/>
      </object_component>
      <object_component id="oc-f0">
         <name>.debug_info</name>
         <load_address>0x38dba</load_address>
         <run_address>0x38dba</run_address>
         <size>0x101</size>
         <input_file_ref idref="fl-17"/>
      </object_component>
      <object_component id="oc-f3">
         <name>.debug_info</name>
         <load_address>0x38ebb</load_address>
         <run_address>0x38ebb</run_address>
         <size>0x11b5</size>
         <input_file_ref idref="fl-18"/>
      </object_component>
      <object_component id="oc-f8">
         <name>.debug_info</name>
         <load_address>0x3a070</load_address>
         <run_address>0x3a070</run_address>
         <size>0x37e3</size>
         <input_file_ref idref="fl-19"/>
      </object_component>
      <object_component id="oc-ff">
         <name>.debug_info</name>
         <load_address>0x3d853</load_address>
         <run_address>0x3d853</run_address>
         <size>0x9c0b</size>
         <input_file_ref idref="fl-1a"/>
      </object_component>
      <object_component id="oc-106">
         <name>.debug_info</name>
         <load_address>0x4745e</load_address>
         <run_address>0x4745e</run_address>
         <size>0x162a</size>
         <input_file_ref idref="fl-1b"/>
      </object_component>
      <object_component id="oc-10b">
         <name>.debug_info</name>
         <load_address>0x48a88</load_address>
         <run_address>0x48a88</run_address>
         <size>0xf003</size>
         <input_file_ref idref="fl-1c"/>
      </object_component>
      <object_component id="oc-113">
         <name>.debug_info</name>
         <load_address>0x57a8b</load_address>
         <run_address>0x57a8b</run_address>
         <size>0x433</size>
         <input_file_ref idref="fl-23"/>
      </object_component>
      <object_component id="oc-11b">
         <name>.debug_info</name>
         <load_address>0x57ebe</load_address>
         <run_address>0x57ebe</run_address>
         <size>0x173</size>
         <input_file_ref idref="fl-24"/>
      </object_component>
      <object_component id="oc-120">
         <name>.debug_info</name>
         <load_address>0x58031</load_address>
         <run_address>0x58031</run_address>
         <size>0x114</size>
         <input_file_ref idref="fl-25"/>
      </object_component>
      <object_component id="oc-124">
         <name>.debug_info</name>
         <load_address>0x58145</load_address>
         <run_address>0x58145</run_address>
         <size>0x561</size>
         <input_file_ref idref="fl-26"/>
      </object_component>
      <object_component id="oc-129">
         <name>.debug_info</name>
         <load_address>0x586a6</load_address>
         <run_address>0x586a6</run_address>
         <size>0x43a</size>
         <input_file_ref idref="fl-27"/>
      </object_component>
      <object_component id="oc-12e">
         <name>.debug_info</name>
         <load_address>0x58ae0</load_address>
         <run_address>0x58ae0</run_address>
         <size>0x3ad</size>
         <input_file_ref idref="fl-28"/>
      </object_component>
      <object_component id="oc-133">
         <name>.debug_info</name>
         <load_address>0x58e8d</load_address>
         <run_address>0x58e8d</run_address>
         <size>0x3aa</size>
         <input_file_ref idref="fl-29"/>
      </object_component>
      <object_component id="oc-138">
         <name>.debug_info</name>
         <load_address>0x59237</load_address>
         <run_address>0x59237</run_address>
         <size>0x544</size>
         <input_file_ref idref="fl-2a"/>
      </object_component>
      <object_component id="oc-13f">
         <name>.debug_info</name>
         <load_address>0x5977b</load_address>
         <run_address>0x5977b</run_address>
         <size>0x4cc</size>
         <input_file_ref idref="fl-2b"/>
      </object_component>
      <object_component id="oc-144">
         <name>.debug_info</name>
         <load_address>0x59c47</load_address>
         <run_address>0x59c47</run_address>
         <size>0x467</size>
         <input_file_ref idref="fl-2c"/>
      </object_component>
      <object_component id="oc-149">
         <name>.debug_info</name>
         <load_address>0x5a0ae</load_address>
         <run_address>0x5a0ae</run_address>
         <size>0x439</size>
         <input_file_ref idref="fl-2d"/>
      </object_component>
      <object_component id="oc-1c9">
         <name>.debug_info</name>
         <load_address>0x5a4e7</load_address>
         <run_address>0x5a4e7</run_address>
         <size>0xa7</size>
      </object_component>
      <object_component id="oc-55">
         <name>.debug_frame</name>
         <load_address>0x0</load_address>
         <run_address>0x0</run_address>
         <size>0x28</size>
         <input_file_ref idref="fl-2"/>
      </object_component>
      <object_component id="oc-64">
         <name>.debug_frame</name>
         <load_address>0x28</load_address>
         <run_address>0x28</run_address>
         <size>0x5c</size>
         <input_file_ref idref="fl-5"/>
      </object_component>
      <object_component id="oc-6f">
         <name>.debug_frame</name>
         <load_address>0x84</load_address>
         <run_address>0x84</run_address>
         <size>0xbb0</size>
         <input_file_ref idref="fl-7"/>
      </object_component>
      <object_component id="oc-74">
         <name>.debug_frame</name>
         <load_address>0xc34</load_address>
         <run_address>0xc34</run_address>
         <size>0x28</size>
         <input_file_ref idref="fl-8"/>
      </object_component>
      <object_component id="oc-79">
         <name>.debug_frame</name>
         <load_address>0xc5c</load_address>
         <run_address>0xc5c</run_address>
         <size>0x90</size>
         <input_file_ref idref="fl-9"/>
      </object_component>
      <object_component id="oc-7e">
         <name>.debug_frame</name>
         <load_address>0xcec</load_address>
         <run_address>0xcec</run_address>
         <size>0x28</size>
         <input_file_ref idref="fl-a"/>
      </object_component>
      <object_component id="oc-83">
         <name>.debug_frame</name>
         <load_address>0xd14</load_address>
         <run_address>0xd14</run_address>
         <size>0x28</size>
         <input_file_ref idref="fl-b"/>
      </object_component>
      <object_component id="oc-c3">
         <name>.debug_frame</name>
         <load_address>0xd3c</load_address>
         <run_address>0xd3c</run_address>
         <size>0x40</size>
         <input_file_ref idref="fl-d"/>
      </object_component>
      <object_component id="oc-cc">
         <name>.debug_frame</name>
         <load_address>0xd7c</load_address>
         <run_address>0xd7c</run_address>
         <size>0x44</size>
         <input_file_ref idref="fl-10"/>
      </object_component>
      <object_component id="oc-d1">
         <name>.debug_frame</name>
         <load_address>0xdc0</load_address>
         <run_address>0xdc0</run_address>
         <size>0x28</size>
         <input_file_ref idref="fl-11"/>
      </object_component>
      <object_component id="oc-d6">
         <name>.debug_frame</name>
         <load_address>0xde8</load_address>
         <run_address>0xde8</run_address>
         <size>0x58</size>
         <input_file_ref idref="fl-12"/>
      </object_component>
      <object_component id="oc-db">
         <name>.debug_frame</name>
         <load_address>0xe40</load_address>
         <run_address>0xe40</run_address>
         <size>0x44</size>
         <input_file_ref idref="fl-13"/>
      </object_component>
      <object_component id="oc-e0">
         <name>.debug_frame</name>
         <load_address>0xe84</load_address>
         <run_address>0xe84</run_address>
         <size>0x28</size>
         <input_file_ref idref="fl-14"/>
      </object_component>
      <object_component id="oc-e5">
         <name>.debug_frame</name>
         <load_address>0xeac</load_address>
         <run_address>0xeac</run_address>
         <size>0xa8</size>
         <input_file_ref idref="fl-15"/>
      </object_component>
      <object_component id="oc-ea">
         <name>.debug_frame</name>
         <load_address>0xf54</load_address>
         <run_address>0xf54</run_address>
         <size>0x154</size>
         <input_file_ref idref="fl-16"/>
      </object_component>
      <object_component id="oc-f4">
         <name>.debug_frame</name>
         <load_address>0x10a8</load_address>
         <run_address>0x10a8</run_address>
         <size>0xdc</size>
         <input_file_ref idref="fl-18"/>
      </object_component>
      <object_component id="oc-fb">
         <name>.debug_frame</name>
         <load_address>0x1184</load_address>
         <run_address>0x1184</run_address>
         <size>0x274</size>
         <input_file_ref idref="fl-19"/>
      </object_component>
      <object_component id="oc-102">
         <name>.debug_frame</name>
         <load_address>0x13f8</load_address>
         <run_address>0x13f8</run_address>
         <size>0x27c</size>
         <input_file_ref idref="fl-1a"/>
      </object_component>
      <object_component id="oc-107">
         <name>.debug_frame</name>
         <load_address>0x1674</load_address>
         <run_address>0x1674</run_address>
         <size>0xd0</size>
         <input_file_ref idref="fl-1b"/>
      </object_component>
      <object_component id="oc-10f">
         <name>.debug_frame</name>
         <load_address>0x1744</load_address>
         <run_address>0x1744</run_address>
         <size>0x100</size>
         <input_file_ref idref="fl-1c"/>
      </object_component>
      <object_component id="oc-114">
         <name>.debug_frame</name>
         <load_address>0x1844</load_address>
         <run_address>0x1844</run_address>
         <size>0x4c</size>
         <input_file_ref idref="fl-23"/>
      </object_component>
      <object_component id="oc-125">
         <name>.debug_frame</name>
         <load_address>0x1890</load_address>
         <run_address>0x1890</run_address>
         <size>0x60</size>
         <input_file_ref idref="fl-26"/>
      </object_component>
      <object_component id="oc-12a">
         <name>.debug_frame</name>
         <load_address>0x18f0</load_address>
         <run_address>0x18f0</run_address>
         <size>0x40</size>
         <input_file_ref idref="fl-27"/>
      </object_component>
      <object_component id="oc-12f">
         <name>.debug_frame</name>
         <load_address>0x1930</load_address>
         <run_address>0x1930</run_address>
         <size>0x40</size>
         <input_file_ref idref="fl-28"/>
      </object_component>
      <object_component id="oc-134">
         <name>.debug_frame</name>
         <load_address>0x1970</load_address>
         <run_address>0x1970</run_address>
         <size>0x40</size>
         <input_file_ref idref="fl-29"/>
      </object_component>
      <object_component id="oc-13b">
         <name>.debug_frame</name>
         <load_address>0x19b0</load_address>
         <run_address>0x19b0</run_address>
         <size>0x60</size>
         <input_file_ref idref="fl-2a"/>
      </object_component>
      <object_component id="oc-140">
         <name>.debug_frame</name>
         <load_address>0x1a10</load_address>
         <run_address>0x1a10</run_address>
         <size>0x70</size>
         <input_file_ref idref="fl-2b"/>
      </object_component>
      <object_component id="oc-145">
         <name>.debug_frame</name>
         <load_address>0x1a80</load_address>
         <run_address>0x1a80</run_address>
         <size>0x40</size>
         <input_file_ref idref="fl-2c"/>
      </object_component>
      <object_component id="oc-14b">
         <name>.debug_frame</name>
         <load_address>0x1ac0</load_address>
         <run_address>0x1ac0</run_address>
         <size>0x44</size>
         <input_file_ref idref="fl-2d"/>
      </object_component>
      <object_component id="oc-56">
         <name>.debug_line</name>
         <load_address>0x0</load_address>
         <run_address>0x0</run_address>
         <size>0x3a</size>
         <input_file_ref idref="fl-2"/>
      </object_component>
      <object_component id="oc-5d">
         <name>.debug_line</name>
         <load_address>0x3a</load_address>
         <run_address>0x3a</run_address>
         <size>0x6f</size>
         <input_file_ref idref="fl-4"/>
      </object_component>
      <object_component id="oc-65">
         <name>.debug_line</name>
         <load_address>0xa9</load_address>
         <run_address>0xa9</run_address>
         <size>0x9a</size>
         <input_file_ref idref="fl-5"/>
      </object_component>
      <object_component id="oc-69">
         <name>.debug_line</name>
         <load_address>0x143</load_address>
         <run_address>0x143</run_address>
         <size>0x4f</size>
         <input_file_ref idref="fl-6"/>
      </object_component>
      <object_component id="oc-70">
         <name>.debug_line</name>
         <load_address>0x192</load_address>
         <run_address>0x192</run_address>
         <size>0x882</size>
         <input_file_ref idref="fl-7"/>
      </object_component>
      <object_component id="oc-75">
         <name>.debug_line</name>
         <load_address>0xa14</load_address>
         <run_address>0xa14</run_address>
         <size>0x3a</size>
         <input_file_ref idref="fl-8"/>
      </object_component>
      <object_component id="oc-7a">
         <name>.debug_line</name>
         <load_address>0xa4e</load_address>
         <run_address>0xa4e</run_address>
         <size>0x229</size>
         <input_file_ref idref="fl-9"/>
      </object_component>
      <object_component id="oc-7f">
         <name>.debug_line</name>
         <load_address>0xc77</load_address>
         <run_address>0xc77</run_address>
         <size>0x3b</size>
         <input_file_ref idref="fl-a"/>
      </object_component>
      <object_component id="oc-84">
         <name>.debug_line</name>
         <load_address>0xcb2</load_address>
         <run_address>0xcb2</run_address>
         <size>0x3b</size>
         <input_file_ref idref="fl-b"/>
      </object_component>
      <object_component id="oc-c4">
         <name>.debug_line</name>
         <load_address>0xced</load_address>
         <run_address>0xced</run_address>
         <size>0xcd</size>
         <input_file_ref idref="fl-d"/>
      </object_component>
      <object_component id="oc-cd">
         <name>.debug_line</name>
         <load_address>0xdba</load_address>
         <run_address>0xdba</run_address>
         <size>0x5f</size>
         <input_file_ref idref="fl-10"/>
      </object_component>
      <object_component id="oc-d2">
         <name>.debug_line</name>
         <load_address>0xe19</load_address>
         <run_address>0xe19</run_address>
         <size>0x3e</size>
         <input_file_ref idref="fl-11"/>
      </object_component>
      <object_component id="oc-d7">
         <name>.debug_line</name>
         <load_address>0xe57</load_address>
         <run_address>0xe57</run_address>
         <size>0x90</size>
         <input_file_ref idref="fl-12"/>
      </object_component>
      <object_component id="oc-dc">
         <name>.debug_line</name>
         <load_address>0xee7</load_address>
         <run_address>0xee7</run_address>
         <size>0x72</size>
         <input_file_ref idref="fl-13"/>
      </object_component>
      <object_component id="oc-e1">
         <name>.debug_line</name>
         <load_address>0xf59</load_address>
         <run_address>0xf59</run_address>
         <size>0x3a</size>
         <input_file_ref idref="fl-14"/>
      </object_component>
      <object_component id="oc-e6">
         <name>.debug_line</name>
         <load_address>0xf93</load_address>
         <run_address>0xf93</run_address>
         <size>0xe7</size>
         <input_file_ref idref="fl-15"/>
      </object_component>
      <object_component id="oc-eb">
         <name>.debug_line</name>
         <load_address>0x107a</load_address>
         <run_address>0x107a</run_address>
         <size>0x221</size>
         <input_file_ref idref="fl-16"/>
      </object_component>
      <object_component id="oc-ef">
         <name>.debug_line</name>
         <load_address>0x129b</load_address>
         <run_address>0x129b</run_address>
         <size>0x53</size>
         <input_file_ref idref="fl-17"/>
      </object_component>
      <object_component id="oc-f5">
         <name>.debug_line</name>
         <load_address>0x12ee</load_address>
         <run_address>0x12ee</run_address>
         <size>0x3d9</size>
         <input_file_ref idref="fl-18"/>
      </object_component>
      <object_component id="oc-fc">
         <name>.debug_line</name>
         <load_address>0x16c7</load_address>
         <run_address>0x16c7</run_address>
         <size>0x6b6</size>
         <input_file_ref idref="fl-19"/>
      </object_component>
      <object_component id="oc-103">
         <name>.debug_line</name>
         <load_address>0x1d7d</load_address>
         <run_address>0x1d7d</run_address>
         <size>0x7d9</size>
         <input_file_ref idref="fl-1a"/>
      </object_component>
      <object_component id="oc-108">
         <name>.debug_line</name>
         <load_address>0x2556</load_address>
         <run_address>0x2556</run_address>
         <size>0x111</size>
         <input_file_ref idref="fl-1b"/>
      </object_component>
      <object_component id="oc-110">
         <name>.debug_line</name>
         <load_address>0x2667</load_address>
         <run_address>0x2667</run_address>
         <size>0x50d</size>
         <input_file_ref idref="fl-1c"/>
      </object_component>
      <object_component id="oc-115">
         <name>.debug_line</name>
         <load_address>0x2b74</load_address>
         <run_address>0x2b74</run_address>
         <size>0x58</size>
         <input_file_ref idref="fl-23"/>
      </object_component>
      <object_component id="oc-11c">
         <name>.debug_line</name>
         <load_address>0x2bcc</load_address>
         <run_address>0x2bcc</run_address>
         <size>0x7e</size>
         <input_file_ref idref="fl-24"/>
      </object_component>
      <object_component id="oc-121">
         <name>.debug_line</name>
         <load_address>0x2c4a</load_address>
         <run_address>0x2c4a</run_address>
         <size>0xad</size>
         <input_file_ref idref="fl-25"/>
      </object_component>
      <object_component id="oc-126">
         <name>.debug_line</name>
         <load_address>0x2cf7</load_address>
         <run_address>0x2cf7</run_address>
         <size>0x50</size>
         <input_file_ref idref="fl-26"/>
      </object_component>
      <object_component id="oc-12b">
         <name>.debug_line</name>
         <load_address>0x2d47</load_address>
         <run_address>0x2d47</run_address>
         <size>0x62</size>
         <input_file_ref idref="fl-27"/>
      </object_component>
      <object_component id="oc-130">
         <name>.debug_line</name>
         <load_address>0x2da9</load_address>
         <run_address>0x2da9</run_address>
         <size>0x3e</size>
         <input_file_ref idref="fl-28"/>
      </object_component>
      <object_component id="oc-135">
         <name>.debug_line</name>
         <load_address>0x2de7</load_address>
         <run_address>0x2de7</run_address>
         <size>0x3a</size>
         <input_file_ref idref="fl-29"/>
      </object_component>
      <object_component id="oc-13c">
         <name>.debug_line</name>
         <load_address>0x2e21</load_address>
         <run_address>0x2e21</run_address>
         <size>0x65</size>
         <input_file_ref idref="fl-2a"/>
      </object_component>
      <object_component id="oc-141">
         <name>.debug_line</name>
         <load_address>0x2e86</load_address>
         <run_address>0x2e86</run_address>
         <size>0x5e</size>
         <input_file_ref idref="fl-2b"/>
      </object_component>
      <object_component id="oc-146">
         <name>.debug_line</name>
         <load_address>0x2ee4</load_address>
         <run_address>0x2ee4</run_address>
         <size>0x4f</size>
         <input_file_ref idref="fl-2c"/>
      </object_component>
      <object_component id="oc-14c">
         <name>.debug_line</name>
         <load_address>0x2f33</load_address>
         <run_address>0x2f33</run_address>
         <size>0x7e</size>
         <input_file_ref idref="fl-2d"/>
      </object_component>
      <object_component id="oc-57">
         <name>.debug_abbrev</name>
         <load_address>0x0</load_address>
         <run_address>0x0</run_address>
         <size>0x155</size>
         <input_file_ref idref="fl-2"/>
      </object_component>
      <object_component id="oc-5f">
         <name>.debug_abbrev</name>
         <load_address>0x155</load_address>
         <run_address>0x155</run_address>
         <size>0x21</size>
         <input_file_ref idref="fl-4"/>
      </object_component>
      <object_component id="oc-66">
         <name>.debug_abbrev</name>
         <load_address>0x176</load_address>
         <run_address>0x176</run_address>
         <size>0xfd</size>
         <input_file_ref idref="fl-5"/>
      </object_component>
      <object_component id="oc-6b">
         <name>.debug_abbrev</name>
         <load_address>0x273</load_address>
         <run_address>0x273</run_address>
         <size>0x2f</size>
         <input_file_ref idref="fl-6"/>
      </object_component>
      <object_component id="oc-71">
         <name>.debug_abbrev</name>
         <load_address>0x2a2</load_address>
         <run_address>0x2a2</run_address>
         <size>0xde</size>
         <input_file_ref idref="fl-7"/>
      </object_component>
      <object_component id="oc-76">
         <name>.debug_abbrev</name>
         <load_address>0x380</load_address>
         <run_address>0x380</run_address>
         <size>0x128</size>
         <input_file_ref idref="fl-8"/>
      </object_component>
      <object_component id="oc-7b">
         <name>.debug_abbrev</name>
         <load_address>0x4a8</load_address>
         <run_address>0x4a8</run_address>
         <size>0x151</size>
         <input_file_ref idref="fl-9"/>
      </object_component>
      <object_component id="oc-80">
         <name>.debug_abbrev</name>
         <load_address>0x5f9</load_address>
         <run_address>0x5f9</run_address>
         <size>0x103</size>
         <input_file_ref idref="fl-a"/>
      </object_component>
      <object_component id="oc-85">
         <name>.debug_abbrev</name>
         <load_address>0x6fc</load_address>
         <run_address>0x6fc</run_address>
         <size>0x63</size>
         <input_file_ref idref="fl-b"/>
      </object_component>
      <object_component id="oc-c1">
         <name>.debug_abbrev</name>
         <load_address>0x75f</load_address>
         <run_address>0x75f</run_address>
         <size>0xc4</size>
         <input_file_ref idref="fl-c"/>
      </object_component>
      <object_component id="oc-c5">
         <name>.debug_abbrev</name>
         <load_address>0x823</load_address>
         <run_address>0x823</run_address>
         <size>0xdc</size>
         <input_file_ref idref="fl-d"/>
      </object_component>
      <object_component id="oc-c8">
         <name>.debug_abbrev</name>
         <load_address>0x8ff</load_address>
         <run_address>0x8ff</run_address>
         <size>0x21</size>
         <input_file_ref idref="fl-e"/>
      </object_component>
      <object_component id="oc-ca">
         <name>.debug_abbrev</name>
         <load_address>0x920</load_address>
         <run_address>0x920</run_address>
         <size>0x21</size>
         <input_file_ref idref="fl-f"/>
      </object_component>
      <object_component id="oc-ce">
         <name>.debug_abbrev</name>
         <load_address>0x941</load_address>
         <run_address>0x941</run_address>
         <size>0x93</size>
         <input_file_ref idref="fl-10"/>
      </object_component>
      <object_component id="oc-d3">
         <name>.debug_abbrev</name>
         <load_address>0x9d4</load_address>
         <run_address>0x9d4</run_address>
         <size>0x13e</size>
         <input_file_ref idref="fl-11"/>
      </object_component>
      <object_component id="oc-d8">
         <name>.debug_abbrev</name>
         <load_address>0xb12</load_address>
         <run_address>0xb12</run_address>
         <size>0xc8</size>
         <input_file_ref idref="fl-12"/>
      </object_component>
      <object_component id="oc-dd">
         <name>.debug_abbrev</name>
         <load_address>0xbda</load_address>
         <run_address>0xbda</run_address>
         <size>0x116</size>
         <input_file_ref idref="fl-13"/>
      </object_component>
      <object_component id="oc-e2">
         <name>.debug_abbrev</name>
         <load_address>0xcf0</load_address>
         <run_address>0xcf0</run_address>
         <size>0xea</size>
         <input_file_ref idref="fl-14"/>
      </object_component>
      <object_component id="oc-e7">
         <name>.debug_abbrev</name>
         <load_address>0xdda</load_address>
         <run_address>0xdda</run_address>
         <size>0x146</size>
         <input_file_ref idref="fl-15"/>
      </object_component>
      <object_component id="oc-ec">
         <name>.debug_abbrev</name>
         <load_address>0xf20</load_address>
         <run_address>0xf20</run_address>
         <size>0x1a3</size>
         <input_file_ref idref="fl-16"/>
      </object_component>
      <object_component id="oc-f1">
         <name>.debug_abbrev</name>
         <load_address>0x10c3</load_address>
         <run_address>0x10c3</run_address>
         <size>0x2f</size>
         <input_file_ref idref="fl-17"/>
      </object_component>
      <object_component id="oc-f6">
         <name>.debug_abbrev</name>
         <load_address>0x10f2</load_address>
         <run_address>0x10f2</run_address>
         <size>0x136</size>
         <input_file_ref idref="fl-18"/>
      </object_component>
      <object_component id="oc-fd">
         <name>.debug_abbrev</name>
         <load_address>0x1228</load_address>
         <run_address>0x1228</run_address>
         <size>0x21d</size>
         <input_file_ref idref="fl-19"/>
      </object_component>
      <object_component id="oc-104">
         <name>.debug_abbrev</name>
         <load_address>0x1445</load_address>
         <run_address>0x1445</run_address>
         <size>0x1d5</size>
         <input_file_ref idref="fl-1a"/>
      </object_component>
      <object_component id="oc-109">
         <name>.debug_abbrev</name>
         <load_address>0x161a</load_address>
         <run_address>0x161a</run_address>
         <size>0x138</size>
         <input_file_ref idref="fl-1b"/>
      </object_component>
      <object_component id="oc-111">
         <name>.debug_abbrev</name>
         <load_address>0x1752</load_address>
         <run_address>0x1752</run_address>
         <size>0x19f</size>
         <input_file_ref idref="fl-1c"/>
      </object_component>
      <object_component id="oc-116">
         <name>.debug_abbrev</name>
         <load_address>0x18f1</load_address>
         <run_address>0x18f1</run_address>
         <size>0xc6</size>
         <input_file_ref idref="fl-23"/>
      </object_component>
      <object_component id="oc-11d">
         <name>.debug_abbrev</name>
         <load_address>0x19b7</load_address>
         <run_address>0x19b7</run_address>
         <size>0x46</size>
         <input_file_ref idref="fl-24"/>
      </object_component>
      <object_component id="oc-122">
         <name>.debug_abbrev</name>
         <load_address>0x19fd</load_address>
         <run_address>0x19fd</run_address>
         <size>0x38</size>
         <input_file_ref idref="fl-25"/>
      </object_component>
      <object_component id="oc-127">
         <name>.debug_abbrev</name>
         <load_address>0x1a35</load_address>
         <run_address>0x1a35</run_address>
         <size>0xe3</size>
         <input_file_ref idref="fl-26"/>
      </object_component>
      <object_component id="oc-12c">
         <name>.debug_abbrev</name>
         <load_address>0x1b18</load_address>
         <run_address>0x1b18</run_address>
         <size>0xa8</size>
         <input_file_ref idref="fl-27"/>
      </object_component>
      <object_component id="oc-131">
         <name>.debug_abbrev</name>
         <load_address>0x1bc0</load_address>
         <run_address>0x1bc0</run_address>
         <size>0x68</size>
         <input_file_ref idref="fl-28"/>
      </object_component>
      <object_component id="oc-136">
         <name>.debug_abbrev</name>
         <load_address>0x1c28</load_address>
         <run_address>0x1c28</run_address>
         <size>0x66</size>
         <input_file_ref idref="fl-29"/>
      </object_component>
      <object_component id="oc-13d">
         <name>.debug_abbrev</name>
         <load_address>0x1c8e</load_address>
         <run_address>0x1c8e</run_address>
         <size>0x130</size>
         <input_file_ref idref="fl-2a"/>
      </object_component>
      <object_component id="oc-142">
         <name>.debug_abbrev</name>
         <load_address>0x1dbe</load_address>
         <run_address>0x1dbe</run_address>
         <size>0xb2</size>
         <input_file_ref idref="fl-2b"/>
      </object_component>
      <object_component id="oc-147">
         <name>.debug_abbrev</name>
         <load_address>0x1e70</load_address>
         <run_address>0x1e70</run_address>
         <size>0xee</size>
         <input_file_ref idref="fl-2c"/>
      </object_component>
      <object_component id="oc-14d">
         <name>.debug_abbrev</name>
         <load_address>0x1f5e</load_address>
         <run_address>0x1f5e</run_address>
         <size>0x9f</size>
         <input_file_ref idref="fl-2d"/>
      </object_component>
      <object_component id="oc-1ca">
         <name>.debug_abbrev</name>
         <load_address>0x1ffd</load_address>
         <run_address>0x1ffd</run_address>
         <size>0xf</size>
      </object_component>
      <object_component id="oc-58">
         <name>.debug_aranges</name>
         <load_address>0x0</load_address>
         <run_address>0x0</run_address>
         <size>0x18</size>
         <input_file_ref idref="fl-2"/>
      </object_component>
      <object_component id="oc-60">
         <name>.debug_aranges</name>
         <load_address>0x18</load_address>
         <run_address>0x18</run_address>
         <size>0x28</size>
         <input_file_ref idref="fl-4"/>
      </object_component>
      <object_component id="oc-67">
         <name>.debug_aranges</name>
         <load_address>0x40</load_address>
         <run_address>0x40</run_address>
         <size>0x28</size>
         <input_file_ref idref="fl-5"/>
      </object_component>
      <object_component id="oc-6c">
         <name>.debug_aranges</name>
         <load_address>0x68</load_address>
         <run_address>0x68</run_address>
         <size>0x20</size>
         <input_file_ref idref="fl-6"/>
      </object_component>
      <object_component id="oc-72">
         <name>.debug_aranges</name>
         <load_address>0x88</load_address>
         <run_address>0x88</run_address>
         <size>0x2f8</size>
         <input_file_ref idref="fl-7"/>
      </object_component>
      <object_component id="oc-77">
         <name>.debug_aranges</name>
         <load_address>0x380</load_address>
         <run_address>0x380</run_address>
         <size>0x18</size>
         <input_file_ref idref="fl-8"/>
      </object_component>
      <object_component id="oc-7c">
         <name>.debug_aranges</name>
         <load_address>0x398</load_address>
         <run_address>0x398</run_address>
         <size>0x38</size>
         <input_file_ref idref="fl-9"/>
      </object_component>
      <object_component id="oc-81">
         <name>.debug_aranges</name>
         <load_address>0x3d0</load_address>
         <run_address>0x3d0</run_address>
         <size>0x18</size>
         <input_file_ref idref="fl-a"/>
      </object_component>
      <object_component id="oc-86">
         <name>.debug_aranges</name>
         <load_address>0x3e8</load_address>
         <run_address>0x3e8</run_address>
         <size>0x18</size>
         <input_file_ref idref="fl-b"/>
      </object_component>
      <object_component id="oc-c6">
         <name>.debug_aranges</name>
         <load_address>0x400</load_address>
         <run_address>0x400</run_address>
         <size>0x20</size>
         <input_file_ref idref="fl-d"/>
      </object_component>
      <object_component id="oc-cf">
         <name>.debug_aranges</name>
         <load_address>0x420</load_address>
         <run_address>0x420</run_address>
         <size>0x20</size>
         <input_file_ref idref="fl-10"/>
      </object_component>
      <object_component id="oc-d4">
         <name>.debug_aranges</name>
         <load_address>0x440</load_address>
         <run_address>0x440</run_address>
         <size>0x18</size>
         <input_file_ref idref="fl-11"/>
      </object_component>
      <object_component id="oc-d9">
         <name>.debug_aranges</name>
         <load_address>0x458</load_address>
         <run_address>0x458</run_address>
         <size>0x28</size>
         <input_file_ref idref="fl-12"/>
      </object_component>
      <object_component id="oc-de">
         <name>.debug_aranges</name>
         <load_address>0x480</load_address>
         <run_address>0x480</run_address>
         <size>0x20</size>
         <input_file_ref idref="fl-13"/>
      </object_component>
      <object_component id="oc-e3">
         <name>.debug_aranges</name>
         <load_address>0x4a0</load_address>
         <run_address>0x4a0</run_address>
         <size>0x18</size>
         <input_file_ref idref="fl-14"/>
      </object_component>
      <object_component id="oc-e8">
         <name>.debug_aranges</name>
         <load_address>0x4b8</load_address>
         <run_address>0x4b8</run_address>
         <size>0x40</size>
         <input_file_ref idref="fl-15"/>
      </object_component>
      <object_component id="oc-ed">
         <name>.debug_aranges</name>
         <load_address>0x4f8</load_address>
         <run_address>0x4f8</run_address>
         <size>0x78</size>
         <input_file_ref idref="fl-16"/>
      </object_component>
      <object_component id="oc-f2">
         <name>.debug_aranges</name>
         <load_address>0x570</load_address>
         <run_address>0x570</run_address>
         <size>0x20</size>
         <input_file_ref idref="fl-17"/>
      </object_component>
      <object_component id="oc-f7">
         <name>.debug_aranges</name>
         <load_address>0x590</load_address>
         <run_address>0x590</run_address>
         <size>0x48</size>
         <input_file_ref idref="fl-18"/>
      </object_component>
      <object_component id="oc-fe">
         <name>.debug_aranges</name>
         <load_address>0x5d8</load_address>
         <run_address>0x5d8</run_address>
         <size>0xc0</size>
         <input_file_ref idref="fl-19"/>
      </object_component>
      <object_component id="oc-105">
         <name>.debug_aranges</name>
         <load_address>0x698</load_address>
         <run_address>0x698</run_address>
         <size>0xb8</size>
         <input_file_ref idref="fl-1a"/>
      </object_component>
      <object_component id="oc-10a">
         <name>.debug_aranges</name>
         <load_address>0x750</load_address>
         <run_address>0x750</run_address>
         <size>0x48</size>
         <input_file_ref idref="fl-1b"/>
      </object_component>
      <object_component id="oc-112">
         <name>.debug_aranges</name>
         <load_address>0x798</load_address>
         <run_address>0x798</run_address>
         <size>0x30</size>
         <input_file_ref idref="fl-1c"/>
      </object_component>
      <object_component id="oc-117">
         <name>.debug_aranges</name>
         <load_address>0x7c8</load_address>
         <run_address>0x7c8</run_address>
         <size>0x20</size>
         <input_file_ref idref="fl-23"/>
      </object_component>
      <object_component id="oc-11e">
         <name>.debug_aranges</name>
         <load_address>0x7e8</load_address>
         <run_address>0x7e8</run_address>
         <size>0x20</size>
         <input_file_ref idref="fl-24"/>
      </object_component>
      <object_component id="oc-123">
         <name>.debug_aranges</name>
         <load_address>0x808</load_address>
         <run_address>0x808</run_address>
         <size>0x20</size>
         <input_file_ref idref="fl-25"/>
      </object_component>
      <object_component id="oc-128">
         <name>.debug_aranges</name>
         <load_address>0x828</load_address>
         <run_address>0x828</run_address>
         <size>0x20</size>
         <input_file_ref idref="fl-26"/>
      </object_component>
      <object_component id="oc-12d">
         <name>.debug_aranges</name>
         <load_address>0x848</load_address>
         <run_address>0x848</run_address>
         <size>0x20</size>
         <input_file_ref idref="fl-27"/>
      </object_component>
      <object_component id="oc-132">
         <name>.debug_aranges</name>
         <load_address>0x868</load_address>
         <run_address>0x868</run_address>
         <size>0x20</size>
         <input_file_ref idref="fl-28"/>
      </object_component>
      <object_component id="oc-137">
         <name>.debug_aranges</name>
         <load_address>0x888</load_address>
         <run_address>0x888</run_address>
         <size>0x20</size>
         <input_file_ref idref="fl-29"/>
      </object_component>
      <object_component id="oc-13e">
         <name>.debug_aranges</name>
         <load_address>0x8a8</load_address>
         <run_address>0x8a8</run_address>
         <size>0x28</size>
         <input_file_ref idref="fl-2a"/>
      </object_component>
      <object_component id="oc-143">
         <name>.debug_aranges</name>
         <load_address>0x8d0</load_address>
         <run_address>0x8d0</run_address>
         <size>0x30</size>
         <input_file_ref idref="fl-2b"/>
      </object_component>
      <object_component id="oc-148">
[...]
         <name>_InitSpi</name>
         <value>0x3f72b6</value>
         <object_component_ref idref="oc-161"/>
      </symbol>
      <symbol id="sm-381">
         <name>_InitPll</name>
         <value>0x3f6ebc</value>
         <object_component_ref idref="oc-15d"/>
      </symbol>
      <symbol id="sm-383">
         <name>_IntOsc1Sel</name>
         <value>0x3f6fc5</value>
         <object_component_ref idref="oc-15d"/>
      </symbol>
      <symbol id="sm-385">
         <name>_ExtOscSel</name>
         <value>0x3f700a</value>
         <object_component_ref idref="oc-15d"/>
      </symbol>
      <symbol id="sm-387">
         <name>_DisableDog</name>
         <value>0x3f6eb4</value>
         <object_component_ref idref="oc-15d"/>
      </symbol>
      <symbol id="sm-389">
         <name>_InitPeripheralClocks</name>
         <value>0x3f6f3e</value>
         <object_component_ref idref="oc-15d"/>
      </symbol>
      <symbol id="sm-38b">
         <name>_IntOsc2Sel</name>
         <value>0x3f6fd5</value>
         <object_component_ref idref="oc-15d"/>
      </symbol>
      <symbol id="sm-38d">
         <name>_InitFlash</name>
         <value>0x8000</value>
         <object_component_ref idref="oc-163"/>
      </symbol>
      <symbol id="sm-38f">
         <name>_CsmUnlock</name>
         <value>0x3f6f94</value>
         <object_component_ref idref="oc-15d"/>
      </symbol>
      <symbol id="sm-391">
         <name>_InitPll2</name>
         <value>0x3f6f10</value>
         <object_component_ref idref="oc-15d"/>
      </symbol>
      <symbol id="sm-393">
         <name>_ServiceDog</name>
         <value>0x3f6eaa</value>
         <object_component_ref idref="oc-15d"/>
      </symbol>
      <symbol id="sm-395">
         <name>_XtalOscSel</name>
         <value>0x3f6fef</value>
         <object_component_ref idref="oc-15d"/>
      </symbol>
      <symbol id="sm-397">
         <name>_InitSysCtrl</name>
         <value>0x3f6e90</value>
         <object_component_ref idref="oc-15d"/>
      </symbol>
      <symbol id="sm-3a4">
         <name>_DSP28x_usDelay</name>
         <value>0x801b</value>
         <object_component_ref idref="oc-ee"/>
      </symbol>
      <symbol id="sm-3de">
         <name>_CalFrey60AhRegsInit</name>
         <value>0x3f5aea</value>
         <object_component_ref idref="oc-150"/>
      </symbol>
      <symbol id="sm-3e0">
         <name>_CalFarasis52AhSocInit</name>
         <value>0x3f581e</value>
         <object_component_ref idref="oc-150"/>
      </symbol>
      <symbol id="sm-3e2">
         <name>_CalFarasis52AhSocHandle</name>
         <value>0x3f590f</value>
         <object_component_ref idref="oc-150"/>
      </symbol>
      <symbol id="sm-3e4">
         <name>_CalFrey60AhSocInit</name>
         <value>0x3f5c10</value>
         <object_component_ref idref="oc-150"/>
      </symbol>
      <symbol id="sm-3e6">
         <name>_CalFrey60AhSocHandle</name>
         <value>0x3f5cc7</value>
         <object_component_ref idref="oc-150"/>
      </symbol>
      <symbol id="sm-3e8">
         <name>_CalFarasis52AhRegsInit</name>
         <value>0x3f57a8</value>
         <object_component_ref idref="oc-150"/>
      </symbol>
      <symbol id="sm-453">
         <name>_SlaveBmsBalance</name>
         <value>0x3f554a</value>
         <object_component_ref idref="oc-166"/>
      </symbol>
      <symbol id="sm-455">
         <name>_BAT_InitSPI</name>
         <value>0x3f4cb4</value>
         <object_component_ref idref="oc-166"/>
      </symbol>
      <symbol id="sm-457">
         <name>_SlaveBMSDigiteldoutOHandler</name>
         <value>0x3f4f1c</value>
         <object_component_ref idref="oc-166"/>
      </symbol>
      <symbol id="sm-459">
         <name>_SlaveVoltagBalaHandler</name>
         <value>0x3f55a0</value>
         <object_component_ref idref="oc-166"/>
      </symbol>
      <symbol id="sm-45b">
         <name>_ltc_state</name>
         <value>0xa881</value>
         <object_component_ref idref="oc-fa"/>
      </symbol>
      <symbol id="sm-45c">
         <name>_init_PEC15_Table</name>
         <value>0x3f4d11</value>
         <object_component_ref idref="oc-166"/>
      </symbol>
      <symbol id="sm-45e">
         <name>_CRC15POLY</name>
         <value>0xa880</value>
         <object_component_ref idref="oc-fa"/>
      </symbol>
      <symbol id="sm-45f">
         <name>_SalveTempsVoltHandler</name>
         <value>0x3f50f5</value>
         <object_component_ref idref="oc-166"/>
      </symbol>
      <symbol id="sm-461">
         <name>_SPI_BATRead</name>
         <value>0x3f4ce8</value>
         <object_component_ref idref="oc-166"/>
      </symbol>
      <symbol id="sm-463">
         <name>_LTC6804_Init</name>
         <value>0x3f4e23</value>
         <object_component_ref idref="oc-166"/>
      </symbol>
      <symbol id="sm-465">
         <name>_pec15Table</name>
         <value>0xa780</value>
         <object_component_ref idref="oc-16a"/>
      </symbol>
      <symbol id="sm-466">
         <name>_LTC6804_DieTemperatureRead</name>
         <value>0x3f4e5b</value>
         <object_component_ref idref="oc-166"/>
      </symbol>
      <symbol id="sm-468">
         <name>_LTC6804_WakeUp</name>
         <value>0x3f4e47</value>
         <object_component_ref idref="oc-166"/>
      </symbol>
      <symbol id="sm-46a">
         <name>_LTC6804_write</name>
         <value>0x3f4d5b</value>
         <object_component_ref idref="oc-166"/>
      </symbol>
      <symbol id="sm-46c">
         <name>_LTC6804_write_cmd</name>
         <value>0x3f4dc5</value>
         <object_component_ref idref="oc-166"/>
      </symbol>
      <symbol id="sm-46e">
         <name>_SPI_BATWrite</name>
         <value>0x3f4ccf</value>
         <object_component_ref idref="oc-166"/>
      </symbol>
      <symbol id="sm-470">
         <name>_LTC6804_SocItmpVaRead</name>
         <value>0x3f4ea0</value>
         <object_component_ref idref="oc-166"/>
      </symbol>
      <symbol id="sm-472">
         <name>_ltc_error_count</name>
         <value>0xa882</value>
         <object_component_ref idref="oc-fa"/>
      </symbol>
      <symbol id="sm-473">
         <name>_SlaveVoltagHandler</name>
         <value>0x3f527e</value>
         <object_component_ref idref="oc-166"/>
      </symbol>
      <symbol id="sm-475">
         <name>_SalveTempsVoltHandler_B</name>
         <value>0x3f502f</value>
         <object_component_ref idref="oc-166"/>
      </symbol>
      <symbol id="sm-477">
         <name>_BATSPIEnable_high</name>
         <value>0x3f4d0c</value>
         <object_component_ref idref="oc-166"/>
      </symbol>
      <symbol id="sm-479">
         <name>_LTC6804</name>
         <value>0xa88c</value>
         <object_component_ref idref="oc-fa"/>
      </symbol>
      <symbol id="sm-47a">
         <name>_LTC6804_read_cmd</name>
         <value>0x3f4dda</value>
         <object_component_ref idref="oc-166"/>
      </symbol>
      <symbol id="sm-47c">
         <name>_pec15</name>
         <value>0x3f4d3b</value>
         <object_component_ref idref="oc-166"/>
      </symbol>
      <symbol id="sm-47e">
         <name>_LTC6804_init_table</name>
         <value>0xa89d</value>
         <object_component_ref idref="oc-16b"/>
      </symbol>
      <symbol id="sm-47f">
         <name>_TemspsA</name>
         <value>0xa884</value>
         <object_component_ref idref="oc-fa"/>
      </symbol>
      <symbol id="sm-480">
         <name>_TemspsB</name>
         <value>0xa886</value>
         <object_component_ref idref="oc-fa"/>
      </symbol>
      <symbol id="sm-481">
         <name>_Temspsc</name>
         <value>0xa888</value>
         <object_component_ref idref="oc-fa"/>
      </symbol>
      <symbol id="sm-482">
         <name>_Temspsd</name>
         <value>0xa88a</value>
         <object_component_ref idref="oc-fa"/>
      </symbol>
      <symbol id="sm-483">
         <name>_SlaveBMSIint</name>
         <value>0x3f4ef7</value>
         <object_component_ref idref="oc-166"/>
      </symbol>
      <symbol id="sm-485">
         <name>_BATSPIEnable_low</name>
         <value>0x3f4d07</value>
         <object_component_ref idref="oc-166"/>
      </symbol>
      <symbol id="sm-527">
         <name>_TempTemps</name>
         <value>0x3f4000</value>
         <object_component_ref idref="oc-14f"/>
      </symbol>
      <symbol id="sm-529">
         <name>_ProtectRelayTimerHandle</name>
         <value>0x3f4c7a</value>
         <object_component_ref idref="oc-14f"/>
      </symbol>
      <symbol id="sm-52b">
         <name>_DigitalInput</name>
         <value>0x3f4b76</value>
         <object_component_ref idref="oc-14f"/>
      </symbol>
      <symbol id="sm-52d">
         <name>_Cal80VSysTemperatureHandle</name>
         <value>0x3f4413</value>
         <object_component_ref idref="oc-14f"/>
      </symbol>
      <symbol id="sm-52f">
         <name>_SysTimerINIT</name>
         <value>0x3f409d</value>
         <object_component_ref idref="oc-14f"/>
      </symbol>
      <symbol id="sm-531">
         <name>_Cal12VSysCurrentHandle</name>
         <value>0x3f48ce</value>
         <object_component_ref idref="oc-14f"/>
      </symbol>
      <symbol id="sm-533">
         <name>_Cal80VSysCurrentHandle</name>
         <value>0x3f44b0</value>
         <object_component_ref idref="oc-14f"/>
      </symbol>
      <symbol id="sm-535">
         <name>_Cal12VSysVoltageHandle</name>
         <value>0x3f47b2</value>
         <object_component_ref idref="oc-14f"/>
      </symbol>
      <symbol id="sm-537">
         <name>_DigitalOutput</name>
         <value>0x3f4bcf</value>
         <object_component_ref idref="oc-14f"/>
      </symbol>
      <symbol id="sm-539">
         <name>_CellVoltUnBalaneFaulCount</name>
         <value>0xa8a3</value>
         <object_component_ref idref="oc-101"/>
      </symbol>
      <symbol id="sm-53a">
         <name>_Cal80VSysFaultCheck</name>
         <value>0x3f4623</value>
         <object_component_ref idref="oc-14f"/>
      </symbol>
      <symbol id="sm-53c">
         <name>_Cal80VSysAlarmtCheck</name>
         <value>0x3f450f</value>
         <object_component_ref idref="oc-14f"/>
      </symbol>
      <symbol id="sm-53e">
         <name>_Cal12VSysFaultCheck</name>
         <value>0x3f4a49</value>
         <object_component_ref idref="oc-14f"/>
      </symbol>
      <symbol id="sm-540">
         <name>_CANRegVarINIT</name>
         <value>0x3f4261</value>
         <object_component_ref idref="oc-14f"/>
      </symbol>
      <symbol id="sm-542">
         <name>_Cal80VSysVoltageHandle</name>
         <value>0x3f437c</value>
         <object_component_ref idref="oc-14f"/>
      </symbol>
      <symbol id="sm-544">
         <name>_Cal12VSysAlarmtCheck</name>
         <value>0x3f492d</value>
         <object_component_ref idref="oc-14f"/>
      </symbol>
      <symbol id="sm-546">
         <name>_float32ToInt</name>
         <value>0x3f4b60</value>
         <object_component_ref idref="oc-14f"/>
      </symbol>
      <symbol id="sm-548">
         <name>_SysVarINIT</name>
         <value>0x3f40b7</value>
         <object_component_ref idref="oc-14f"/>
      </symbol>
      <symbol id="sm-54a">
         <name>_TimerinitHandle</name>
         <value>0x3f4c69</value>
         <object_component_ref idref="oc-14f"/>
      </symbol>
      <symbol id="sm-54c">
         <name>_CANATX</name>
         <value>0x3f4018</value>
         <object_component_ref idref="oc-14f"/>
      </symbol>
      <symbol id="sm-54e">
         <name>_Cal12VSysTemperatureHandle</name>
         <value>0x3f4849</value>
         <object_component_ref idref="oc-14f"/>
      </symbol>
      <symbol id="sm-562">
         <name>_ProtectOffHandle</name>
         <value>0x3f7157</value>
         <object_component_ref idref="oc-165"/>
      </symbol>
      <symbol id="sm-564">
         <name>_ProtectRelayHandle</name>
         <value>0x3f71d3</value>
         <object_component_ref idref="oc-165"/>
      </symbol>
      <symbol id="sm-566">
         <name>_ProtecLatchRelayHandle</name>
         <value>0x3f71ff</value>
         <object_component_ref idref="oc-165"/>
      </symbol>
      <symbol id="sm-568">
         <name>_ProtectRelayWakeUpHandle</name>
         <value>0x3f717f</value>
         <object_component_ref idref="oc-165"/>
      </symbol>
      <symbol id="sm-56a">
         <name>_ProtectRelaySateCheck</name>
         <value>0x3f7153</value>
         <object_component_ref idref="oc-165"/>
      </symbol>
      <symbol id="sm-56c">
         <name>_ProtectRelayVarINIT</name>
         <value>0x3f7141</value>
         <object_component_ref idref="oc-165"/>
      </symbol>
      <symbol id="sm-5e0">
         <name>_Slave3Regs</name>
         <value>0xa600</value>
         <object_component_ref idref="oc-10d"/>
      </symbol>
      <symbol id="sm-5e1">
         <name>_main</name>
         <value>0x3f67c1</value>
         <object_component_ref idref="oc-159"/>
      </symbol>
      <symbol id="sm-5e3">
         <name>_ISR_CANRXINTA</name>
         <value>0x3f636c</value>
         <object_component_ref idref="oc-10e"/>
      </symbol>
      <symbol id="sm-5e5">
         <name>_PrtectRelayRegs</name>
         <value>0xa016</value>
         <object_component_ref idref="oc-10d"/>
      </symbol>
      <symbol id="sm-5e6">
         <name>_NCMsocTestVoltAGV</name>
         <value>0xa008</value>
         <object_component_ref idref="oc-10d"/>
      </symbol>
      <symbol id="sm-5e7">
         <name>_Slave1Regs</name>
         <value>0xa300</value>
         <object_component_ref idref="oc-10d"/>
      </symbol>
      <symbol id="sm-5e8">
         <name>_cpu_timer0_isr</name>
         <value>0x3f5e46</value>
         <object_component_ref idref="oc-10e"/>
      </symbol>
      <symbol id="sm-5ea">
         <name>_NUMsocTestVCT</name>
         <value>0xa00a</value>
         <object_component_ref idref="oc-10d"/>
      </symbol>
      <symbol id="sm-5eb">
         <name>_SysRegs</name>
         <value>0xa200</value>
         <object_component_ref idref="oc-10d"/>
      </symbol>
      <symbol id="sm-5ec">
         <name>_Slave3Temps</name>
         <value>0xa014</value>
         <object_component_ref idref="oc-10d"/>
      </symbol>
      <symbol id="sm-5ed">
         <name>_Slave2Temps</name>
         <value>0xa012</value>
         <object_component_ref idref="oc-10d"/>
      </symbol>
      <symbol id="sm-5ee">
         <name>_Slave1Temps</name>
         <value>0xa010</value>
         <object_component_ref idref="oc-10d"/>
      </symbol>
      <symbol id="sm-5ef">
         <name>_CANARegs</name>
         <value>0xa140</value>
         <object_component_ref idref="oc-10d"/>
      </symbol>
      <symbol id="sm-5f0">
         <name>_ProtectRelayCyle</name>
         <value>0xa000</value>
         <object_component_ref idref="oc-10d"/>
      </symbol>
      <symbol id="sm-5f1">
         <name>_LFPINITFLAG</name>
         <value>0xa001</value>
         <object_component_ref idref="oc-10d"/>
      </symbol>
      <symbol id="sm-5f2">
         <name>_LFPsocTestVCT</name>
         <value>0xa00e</value>
         <object_component_ref idref="oc-10d"/>
      </symbol>
      <symbol id="sm-5f3">
         <name>_Farasis52AhSocRegs</name>
         <value>0xa040</value>
         <object_component_ref idref="oc-10d"/>
      </symbol>
      <symbol id="sm-5f4">
         <name>_randomCT</name>
         <value>0xa002</value>
         <object_component_ref idref="oc-10d"/>
      </symbol>
      <symbol id="sm-5f5">
         <name>_randomA</name>
         <value>0xa004</value>
         <object_component_ref idref="oc-10d"/>
      </symbol>
      <symbol id="sm-5f6">
         <name>_randomC</name>
         <value>0xa006</value>
         <object_component_ref idref="oc-10d"/>
      </symbol>
      <symbol id="sm-5f7">
         <name>_LFPsocTestVoltAGV</name>
         <value>0xa00c</value>
         <object_component_ref idref="oc-10d"/>
      </symbol>
      <symbol id="sm-5f8">
         <name>_Slave2Regs</name>
         <value>0xa480</value>
         <object_component_ref idref="oc-10d"/>
      </symbol>
      <symbol id="sm-5f9">
         <name>_Frey60AhSocRegs</name>
         <value>0xa0c0</value>
         <object_component_ref idref="oc-10d"/>
      </symbol>
      <symbol id="sm-60b">
         <name>_round</name>
         <value>0x3f745c</value>
         <object_component_ref idref="oc-157"/>
      </symbol>
      <symbol id="sm-60c">
         <name>_roundf</name>
         <value>0x3f745c</value>
         <object_component_ref idref="oc-157"/>
      </symbol>
      <symbol id="sm-628">
         <name>_c_int00</name>
         <value>0x3f7406</value>
         <object_component_ref idref="oc-118"/>
      </symbol>
      <symbol id="sm-629">
         <name>__stack</name>
         <value>0x50</value>
         <object_component_ref idref="oc-119"/>
      </symbol>
      <symbol id="sm-63a">
         <name>FS$$DIV</name>
         <value>0x3f722e</value>
         <object_component_ref idref="oc-11f"/>
      </symbol>
      <symbol id="sm-649">
         <name>_copy_in</name>
         <value>0x3f750c</value>
         <object_component_ref idref="oc-153"/>
      </symbol>
      <symbol id="sm-65b">
         <name>_memcpy</name>
         <value>0x3f7530</value>
         <object_component_ref idref="oc-158"/>
      </symbol>
      <symbol id="sm-668">
         <name>__system_pre_init</name>
         <value>0x3f7586</value>
         <object_component_ref idref="oc-152"/>
      </symbol>
      <symbol id="sm-676">
         <name>__system_post_cinit</name>
         <value>0x3f7588</value>
         <object_component_ref idref="oc-154"/>
      </symbol>
      <symbol id="sm-68b">
         <name>C$$EXIT</name>
         <value>0x3f7495</value>
         <object_component_ref idref="oc-156"/>
      </symbol>
      <symbol id="sm-68c">
         <name>_exit</name>
         <value>0x3f7497</value>
         <object_component_ref idref="oc-156"/>
      </symbol>
      <symbol id="sm-68e">
         <name>___TI_cleanup_ptr</name>
         <value>0xa8a6</value>
         <object_component_ref idref="oc-13a"/>
      </symbol>
      <symbol id="sm-68f">
         <name>___TI_enable_exit_profile_output</name>
         <value>0xa8a4</value>
         <object_component_ref idref="oc-13a"/>
      </symbol>
      <symbol id="sm-690">
         <name>_abort</name>
         <value>0x3f7495</value>
         <object_component_ref idref="oc-156"/>
      </symbol>
      <symbol id="sm-692">
         <name>___TI_dtors_ptr</name>
         <value>0xa8a8</value>
         <object_component_ref idref="oc-13a"/>
      </symbol>
      <symbol id="sm-6a6">
         <name>__unlock</name>
         <value>0xa8aa</value>
         <object_component_ref idref="oc-16d"/>
      </symbol>
      <symbol id="sm-6a7">
         <name>__lock</name>
         <value>0xa77e</value>
         <object_component_ref idref="oc-15a"/>
      </symbol>
      <symbol id="sm-6a8">
         <name>__register_lock</name>
         <value>0x3f7576</value>
         <object_component_ref idref="oc-167"/>
      </symbol>
      <symbol id="sm-6aa">
         <name>__nop</name>
         <value>0x3f757a</value>
         <object_component_ref idref="oc-167"/>
      </symbol>
      <symbol id="sm-6ac">
         <name>__register_unlock</name>
         <value>0x3f7572</value>
         <object_component_ref idref="oc-167"/>
      </symbol>
      <symbol id="sm-6bc">
         <name>__args_main</name>
         <value>0x3f7560</value>
         <object_component_ref idref="oc-155"/>
      </symbol>
      <symbol id="sm-6d3">
         <name>_floorf</name>
         <value>0x3f73ad</value>
         <object_component_ref idref="oc-15c"/>
      </symbol>
      <symbol id="sm-6d5">
         <name>_floor</name>
         <value>0x3f73ad</value>
         <object_component_ref idref="oc-15c"/>
      </symbol>
   </symbol_table>
   <title>Link successful</title>
</link_info>
